// Vitest Snapshot v1, https://vitest.dev/guide/snapshot.html

exports[`SarakActionCard (Characterization) > matches snapshot before any removal 1`] = `
<DocumentFragment>
  <div
    class="fixed inset-0 pointer-events-none z-[9999] opacity-[var(--sarak-noise-opacity,0)] transition-opacity duration-1000"
    style="mix-blend-mode: overlay; background-image: url("data:image/svg+xml,%3Csvg viewBox='0 0 200 200' xmlns='http://www.w3.org/2000/svg'%3E%3Cfilter id='n'%3E%3CfeTurbulence type='fractalNoise' baseFrequency='0.65' numOctaves='3' stitchTiles='stitch'/%3E%3C/filter%3E%3Crect width='100%25' height='100%25' filter='url(%23n)'/%3E%3C/svg%3E"); background-size: 200px 200px; background-repeat: repeat;"
  />
  <style
    id="sarak-sovereign-bridge"
  >
    
            /* Sarak Sovereign Bridge - Dark Mode Hue Hijack */
            body.dark .bg-zinc-950,
            body.dark .bg-black\\/40,
            body.dark .bg-zinc-950\\/40 {
                background-color: var(--theme-card) !important;
            }
        
  </style>
  <div
    class="mock-container sarak-card bg-[var(--color-theme-card,#1e293b)] border-[var(--border-color,#334155)] group transition-all relative overflow-hidden h-fit "
    data-border-beam="0"
    data-geometric="0"
    data-spotlight="1"
    data-sx-card-texture-type="none"
    style="transition-duration: var(--duration-normal, 0.3s); padding: var(--sarak-card-padding-md, 24px); opacity: 0; transform: translateY(15px);"
  >
    <div
      class="absolute inset-0 z-0 spotlight-effect pointer-events-none opacity-0 group-hover:opacity-100 transition-opacity duration-500"
    />
    <div
      class="border-beam-effect"
    />
    <div
      class="mock-content"
    >
      <div
        class="mock-header"
      >
        <div
          class="flex flex-1 min-w-0"
          style="flex-direction: column;"
        >
          <span
            class="font-black text-[var(--sarak-primary-color,#3b82f6)] uppercase"
            style="margin-bottom: calc(var(--sarak-layout-gap-md, 16px) * 0.25); font-size: var(--sarak-type-scale3xs, 9px); letter-spacing: var(--sarak-tracking-tight, 0.2em);"
          >
            123
          </span>
          <h4
            class="text-lg font-black text-[var(--color-theme-title,#ffffff)] tracking-tight group-hover:text-[var(--sarak-primary-color,#3b82f6)] transition-colors truncate"
          >
            Action Item
          </h4>
        </div>
        <div
          class="bg-[var(--color-theme-card,#1e293b)] border-[var(--border-color,#334155)] shrink-0 rounded-lg"
          style="padding: var(--sarak-layout-gap-sm, 8px);"
        >
          <svg
            class="text-[var(--text-muted,#94a3b8)]"
            fill="none"
            height="16"
            stroke="currentColor"
            stroke-linecap="round"
            stroke-linejoin="round"
            stroke-width="2"
            viewBox="0 0 24 24"
            width="16"
            xmlns="http://www.w3.org/2000/svg"
          >
            <path
              d="M22 12h-4l-3 9L9 3l-3 9H2"
            />
          </svg>
        </div>
      </div>
      <p
        class="text-2xs text-[var(--text-muted,#94a3b8)] opacity-60 leading-relaxed line-clamp-2"
        style="margin-bottom: var(--sarak-layout-gap-md, 16px);"
      >
        Action description
      </p>
      <div
        class="mock-footer"
      >
        <button
          class="flex justify-center items-center gap-2 w-max min-w-fit flex-row font-black uppercase tracking-widest transition-all focus:outline-none rounded-btn py-4 px-6 text-sm bg-[var(--sarak-primary-color,#3b82f6)] text-[var(--text-muted,#94a3b8)] hover:brightness-110 active:scale-[0.98] shadow-xl shadow-[var(--sarak-primary-color,#3b82f6)]/20   flex-1 text-3xs font-black uppercase tracking-widest"
        >
          <span>
            Executar
          </span>
          <svg
            class="stroke-[3]"
            fill="none"
            height="10"
            stroke="currentColor"
            stroke-linecap="round"
            stroke-linejoin="round"
            stroke-width="2"
            viewBox="0 0 24 24"
            width="10"
            xmlns="http://www.w3.org/2000/svg"
          >
            <path
              d="M18 13v6a2 2 0 0 1-2 2H5a2 2 0 0 1-2-2V8a2 2 0 0 1 2-2h6"
            />
            <polyline
              points="15 3 21 3 21 9"
            />
            <line
              x1="10"
              x2="21"
              y1="14"
              y2="3"
            />
          </svg>
        </button>
        <button
          class="bg-[var(--color-theme-card,#1e293b)] border-[var(--border-color,#334155)] text-[var(--text-muted,#94a3b8)] hover:text-[var(--sarak-shadow-glow,rgba(59,130,246,0.5))] hover:border-[var(--theme-secondary-border)] rounded-[var(--sarak-card-radius,12px)] transition-all cursor-pointer flex items-center justify-center"
          style="padding: calc(var(--sarak-layout-gap-md, 16px) * 0.75); transition-duration: var(--duration-normal, 0.3s); border-radius: 8px;"
          tabindex="0"
        >
          <svg
            class="w-3.5 h-3.5 transition-transform duration-300 "
            fill="none"
            height="24"
            stroke="currentColor"
            stroke-linecap="round"
            stroke-linejoin="round"
            stroke-width="2"
            viewBox="0 0 24 24"
            width="24"
            xmlns="http://www.w3.org/2000/svg"
          >
            <path
              d="m6 9 6 6 6-6"
            />
          </svg>
        </button>
      </div>
    </div>
  </div>
</DocumentFragment>
`;
