// Vitest Snapshot v1, https://vitest.dev/guide/snapshot.html

exports[`SarakSearchCard (Characterization) > matches snapshot before any removal 1`] = `
<DocumentFragment>
  <div
    class="fixed inset-0 pointer-events-none z-[9999] opacity-[var(--sarak-noise-opacity,0)] transition-opacity duration-1000"
    style="mix-blend-mode: overlay; background-image: url("data:image/svg+xml,%3Csvg viewBox='0 0 200 200' xmlns='http://www.w3.org/2000/svg'%3E%3Cfilter id='n'%3E%3CfeTurbulence type='fractalNoise' baseFrequency='0.65' numOctaves='3' stitchTiles='stitch'/%3E%3C/filter%3E%3Crect width='100%25' height='100%25' filter='url(%23n)'/%3E%3C/svg%3E"); background-size: 200px 200px; background-repeat: repeat;"
  />
  <style
    id="sarak-sovereign-bridge"
  >
    
            /* Sarak Sovereign Bridge - Dark Mode Hue Hijack */
            body.dark .bg-zinc-950,
            body.dark .bg-black\\/40,
            body.dark .bg-zinc-950\\/40 {
                background-color: var(--theme-card) !important;
            }
        
  </style>
  <div
    class="mock-container sarak-card bg-[var(--color-theme-card,#1e293b)] border-[var(--border-color,#334155)] relative overflow-hidden group transition-all h-fit "
    data-border-beam="0"
    data-geometric="0"
    data-spotlight="1"
    data-sx-card-texture-type="none"
    style="transition-duration: var(--duration-normal, 0.3s); padding: var(--sarak-card-padding-md, 24px); opacity: 0; transform: translateY(15px);"
  >
    <div
      class="absolute inset-0 z-0 spotlight-effect pointer-events-none opacity-0 group-hover:opacity-100 transition-opacity duration-500"
    />
    <div
      class="border-beam-effect"
      style="opacity: 0.4;"
    />
    <div
      class="mock-content"
    >
      <div
        class="mock-header"
      >
        <div
          class="flex"
          style="flex-direction: column;"
        >
          <span
            class="font-black text-[var(--sarak-primary-color,#3b82f6)] uppercase"
            style="margin-bottom: calc(var(--sarak-layout-gap-md, 16px) * 0.25); font-size: var(--sarak-type-scale3xs, 9px); letter-spacing: var(--sarak-tracking-tight, 0.2em);"
          >
            Painel de Filtros
          </span>
          <h4
            class="text-sm font-black text-[var(--color-theme-title,#ffffff)] tracking-tight"
          >
            Busca de Capacidades
          </h4>
        </div>
      </div>
      <div
        class="flex flex-col w-full w-full text-2xs font-semibold"
        style="gap: calc(var(--sarak-layout-gap-md, 16px) * 0.25);"
      >
        <div
          class="flex-1 flex relative w-full"
          style="flex-direction: column;"
        >
          <div
            class="relative w-full flex items-center"
          >
            <div
              class="absolute left-3 flex items-center pointer-events-none text-[var(--sarak-input-icon-color,rgba(255,255,255,0.5))] transition-colors group-focus-within:text-[var(--sarak-input-focus-border-color,var(--sarak-primary-color,#3b82f6))]"
            >
              <svg
                class="w-3.5 h-3.5"
                fill="none"
                height="24"
                stroke="currentColor"
                stroke-linecap="round"
                stroke-linejoin="round"
                stroke-width="2"
                viewBox="0 0 24 24"
                width="24"
                xmlns="http://www.w3.org/2000/svg"
              >
                <circle
                  cx="11"
                  cy="11"
                  r="8"
                />
                <path
                  d="m21 21-4.3-4.3"
                />
              </svg>
            </div>
            <input
              class="block text-[var(--sarak-input-text-color,var(--text-muted,#94a3b8))] font-medium outline-none transition-all placeholder:text-[var(--sarak-input-text-color,var(--text-muted,#94a3b8))]/30 bg-[var(--sarak-input-bg,var(--color-theme-card,#1e293b))] rounded-input py-4 pl-11 pr-4 w-full "
              id=":r0:"
              placeholder="Buscar modelo ou tech..."
              style="border: 1px solid var(--sarak-input-border-color, var(--border-color,#334155));"
              value=""
            />
          </div>
        </div>
      </div>
      <div
        class="mock-footer"
      >
        <div
          class="flex border-t border-[var(--border-color,#334155)]/20 w-full"
          style="flex-direction: column; gap: var(--sarak-layout-gap-sm, 8px); padding-top: var(--sarak-layout-gap-sm, 8px);"
        >
          <span
            class="font-black text-white/20 uppercase tracking-widest"
            style="margin-bottom: calc(var(--sarak-layout-gap-md, 16px) * 0.25); font-size: var(--sarak-type-scale-tiny, 8px);"
          >
            Filtro de Abilities
          </span>
          <div
            class="flex items-center justify-between hover:bg-white/5 border border-transparent hover:border-white/5 transition-all cursor-pointer rounded-lg"
            style="padding: var(--sarak-layout-gap-sm, 8px);"
          >
            <div
              class="flex items-center"
              style="gap: var(--sarak-layout-gap-sm, 8px);"
            >
              <svg
                class="text-[var(--sarak-primary-color,#3b82f6)]"
                fill="none"
                height="12"
                stroke="currentColor"
                stroke-linecap="round"
                stroke-linejoin="round"
                stroke-width="2"
                viewBox="0 0 24 24"
                width="12"
                xmlns="http://www.w3.org/2000/svg"
              >
                <path
                  d="M2 12s3-7 10-7 10 7 10 7-3 7-10 7-10-7-10-7Z"
                />
                <circle
                  cx="12"
                  cy="12"
                  r="3"
                />
              </svg>
              <span
                class="text-3xs font-black uppercase text-[var(--text-muted,#94a3b8)]"
              >
                Visão Computacional
              </span>
            </div>
            <label
              class="flex items-center cursor-pointer flex-row"
              style="gap: var(--sarak-layout-gap-sm, 8px);"
            >
              <div
                class="relative"
              >
                <input
                  aria-checked="true"
                  checked=""
                  class="sr-only"
                  role="switch"
                  type="checkbox"
                />
                <div
                  class="block w-10 h-6 rounded-full transition-all duration-300 ease-in-out"
                  style="background-color: var(--sarak-switch-active-bg, var(--sarak-primary-color,#3b82f6)); backdrop-filter: blur(4px);"
                />
                <div
                  class="absolute left-1 top-1 w-4 h-4 rounded-full transition-transform duration-300 ease-in-out shadow-sm"
                  style="background-color: var(--sarak-switch-thumb, #ffffff); transform: translateX(100%);"
                />
              </div>
            </label>
          </div>
          <div
            class="flex items-center justify-between hover:bg-white/5 border border-transparent hover:border-white/5 transition-all cursor-pointer rounded-lg"
            style="padding: var(--sarak-layout-gap-sm, 8px);"
          >
            <div
              class="flex items-center"
              style="gap: var(--sarak-layout-gap-sm, 8px);"
            >
              <svg
                class="text-[var(--sarak-shadow-glow,rgba(59,130,246,0.5))]"
                fill="none"
                height="12"
                stroke="currentColor"
                stroke-linecap="round"
                stroke-linejoin="round"
                stroke-width="2"
                viewBox="0 0 24 24"
                width="12"
                xmlns="http://www.w3.org/2000/svg"
              >
                <circle
                  cx="12"
                  cy="12"
                  r="10"
                />
                <line
                  x1="2"
                  x2="22"
                  y1="12"
                  y2="12"
                />
                <path
                  d="M12 2a15.3 15.3 0 0 1 4 10 15.3 15.3 0 0 1-4 10 15.3 15.3 0 0 1-4-10 15.3 15.3 0 0 1 4-10z"
                />
              </svg>
              <span
                class="text-3xs font-black uppercase text-[var(--text-muted,#94a3b8)]"
              >
                Navegação Web
              </span>
            </div>
            <label
              class="flex items-center cursor-pointer flex-row"
              style="gap: var(--sarak-layout-gap-sm, 8px);"
            >
              <div
                class="relative"
              >
                <input
                  aria-checked="false"
                  class="sr-only"
                  role="switch"
                  type="checkbox"
                />
                <div
                  class="block w-10 h-6 rounded-full transition-all duration-300 ease-in-out"
                  style="background-color: var(--color-theme-card, rgba(255,255,255,0.1))); backdrop-filter: blur(4px);"
                />
                <div
                  class="absolute left-1 top-1 w-4 h-4 rounded-full transition-transform duration-300 ease-in-out shadow-sm"
                  style="background-color: var(--sarak-switch-thumb, #ffffff); transform: translateX(0);"
                />
              </div>
            </label>
          </div>
          <div
            class="flex items-center justify-between hover:bg-white/5 border border-transparent hover:border-white/5 transition-all cursor-pointer rounded-lg"
            style="padding: var(--sarak-layout-gap-sm, 8px);"
          >
            <div
              class="flex items-center"
              style="gap: var(--sarak-layout-gap-sm, 8px);"
            >
              <svg
                class="text-[var(--sarak-primary-color,#3b82f6)]"
                fill="none"
                height="12"
                stroke="currentColor"
                stroke-linecap="round"
                stroke-linejoin="round"
                stroke-width="2"
                viewBox="0 0 24 24"
                width="12"
                xmlns="http://www.w3.org/2000/svg"
              >
                <path
                  d="M21 15a2 2 0 0 1-2 2H7l-4 4V5a2 2 0 0 1 2-2h14a2 2 0 0 1 2 2z"
                />
              </svg>
              <span
                class="text-3xs font-black uppercase text-[var(--text-muted,#94a3b8)]"
              >
                Modo Conversacional
              </span>
            </div>
            <label
              class="flex items-center cursor-pointer flex-row"
              style="gap: var(--sarak-layout-gap-sm, 8px);"
            >
              <div
                class="relative"
              >
                <input
                  aria-checked="true"
                  checked=""
                  class="sr-only"
                  role="switch"
                  type="checkbox"
                />
                <div
                  class="block w-10 h-6 rounded-full transition-all duration-300 ease-in-out"
                  style="background-color: var(--sarak-switch-active-bg, var(--sarak-primary-color,#3b82f6)); backdrop-filter: blur(4px);"
                />
                <div
                  class="absolute left-1 top-1 w-4 h-4 rounded-full transition-transform duration-300 ease-in-out shadow-sm"
                  style="background-color: var(--sarak-switch-thumb, #ffffff); transform: translateX(100%);"
                />
              </div>
            </label>
          </div>
        </div>
      </div>
    </div>
  </div>
</DocumentFragment>
`;
