// Vitest Snapshot v1, https://vitest.dev/guide/snapshot.html

exports[`AtmosphereCatalog > renderiza os títulos e abas do catálogo 1`] = `
<div>
  <div
    class="w-full h-full flex flex-col relative bg-theme-bg"
  >
    <div
      class="px-8 py-5 border-b border-theme-border flex items-center justify-between bg-theme-sidebar backdrop-blur-md sticky top-0 z-10"
    >
      <div
        class="flex items-center gap-4"
      >
        <div
          class="p-2.5 bg-theme-primary/10 rounded-xl border border-theme-primary/20"
        >
          <svg
            class="text-theme-primary"
            fill="none"
            height="18"
            stroke="currentColor"
            stroke-linecap="round"
            stroke-linejoin="round"
            stroke-width="2"
            viewBox="0 0 24 24"
            width="18"
            xmlns="http://www.w3.org/2000/svg"
          >
            <path
              d="m12.83 2.18a2 2 0 0 0-1.66 0L2.6 6.08a1 1 0 0 0 0 1.83l8.58 3.91a2 2 0 0 0 1.66 0l8.58-3.9a1 1 0 0 0 0-1.83Z"
            />
            <path
              d="m22 17.65-9.17 4.16a2 2 0 0 1-1.66 0L2 17.65"
            />
            <path
              d="m22 12.65-9.17 4.16a2 2 0 0 1-1.66 0L2 12.65"
            />
          </svg>
        </div>
        <div
          class="flex flex-col"
        >
          <span
            class="text-xs font-black uppercase text-theme-text tracking-[var(--sarak-tracking-wide,0.3em)]"
          >
            Design Intelligence Catalog
          </span>
          <span
            class="text-[var(--sarak-type-scale3xs,9px)] font-bold text-theme-primary uppercase tracking-widest mt-0.5"
          >
            Pilar: Atmosphere & Textures
          </span>
        </div>
      </div>
      <div
        class="flex items-center gap-4"
      >
        <div
          class="flex items-center gap-2 p-1 bg-black/20 rounded-xl border border-theme-border"
        >
          <button
            class="px-4 py-2 rounded-lg text-[var(--sarak-type-scale2xs,10px)] font-black uppercase tracking-widest transition-all flex items-center gap-2 bg-theme-primary text-white shadow-lg"
          >
            <svg
              class="lucide lucide-video"
              fill="none"
              height="12"
              stroke="currentColor"
              stroke-linecap="round"
              stroke-linejoin="round"
              stroke-width="2"
              viewBox="0 0 24 24"
              width="12"
              xmlns="http://www.w3.org/2000/svg"
            >
              <path
                d="m22 8-6 4 6 4V8Z"
              />
              <rect
                height="12"
                rx="2"
                ry="2"
                width="14"
                x="2"
                y="6"
              />
            </svg>
            Mídia Base
          </button>
          <button
            class="px-4 py-2 rounded-lg text-[var(--sarak-type-scale2xs,10px)] font-black uppercase tracking-widest transition-all flex items-center gap-2 text-theme-muted hover:text-white hover:bg-white/5"
          >
            <svg
              class="lucide lucide-grid3x3"
              fill="none"
              height="12"
              stroke="currentColor"
              stroke-linecap="round"
              stroke-linejoin="round"
              stroke-width="2"
              viewBox="0 0 24 24"
              width="12"
              xmlns="http://www.w3.org/2000/svg"
            >
              <rect
                height="18"
                rx="2"
                width="18"
                x="3"
                y="3"
              />
              <path
                d="M3 9h18"
              />
              <path
                d="M3 15h18"
              />
              <path
                d="M9 3v18"
              />
              <path
                d="M15 3v18"
              />
            </svg>
            Texturas
          </button>
        </div>
        <div
          class="flex items-center gap-3 px-4 py-2 bg-black/20 rounded-xl border border-theme-border"
        >
          <span
            class="text-[var(--sarak-type-scale2xs,10px)] font-black text-theme-text uppercase tracking-widest"
          >
            Opacidade
          </span>
          <input
            class="w-32 accent-[var(--theme-primary)] cursor-pointer"
            max="1"
            min="0"
            step="0.01"
            type="range"
            value="1"
          />
        </div>
      </div>
    </div>
    <div
      class="flex-1 overflow-y-auto custom-scrollbar p-6"
    >
      <div
        class="grid grid-cols-1 gap-6"
      >
        <button
          animate="[object Object]"
          class="group relative flex flex-col text-left rounded-2xl border border-theme-border overflow-hidden bg-theme-card hover:border-theme-primary hover:shadow-[0_10px_40px_-10px_rgba(var(--theme-primary-rgb),0.2)] transition-all duration-300"
          initial="[object Object]"
          transition="[object Object]"
        >
          <div
            class="h-64 w-full relative overflow-hidden flex items-center justify-center sarak-card"
            style="--sarak-card-texture-opacity: 0.8;"
          >
            <div
              class="absolute inset-0 z-0"
            />
            <div
              class="relative z-20 flex flex-col items-center gap-4 group-hover:scale-110 transition-transform duration-700"
            >
              <div
                class="p-4 bg-white/5 backdrop-blur-xl border border-white/10 rounded-2xl text-white shadow-2xl"
              >
                <svg
                  class="lucide lucide-layers"
                  fill="none"
                  height="32"
                  stroke="currentColor"
                  stroke-linecap="round"
                  stroke-linejoin="round"
                  stroke-width="2"
                  viewBox="0 0 24 24"
                  width="32"
                  xmlns="http://www.w3.org/2000/svg"
                >
                  <path
                    d="m12.83 2.18a2 2 0 0 0-1.66 0L2.6 6.08a1 1 0 0 0 0 1.83l8.58 3.91a2 2 0 0 0 1.66 0l8.58-3.9a1 1 0 0 0 0-1.83Z"
                  />
                  <path
                    d="m22 17.65-9.17 4.16a2 2 0 0 1-1.66 0L2 17.65"
                  />
                  <path
                    d="m22 12.65-9.17 4.16a2 2 0 0 1-1.66 0L2 12.65"
                  />
                </svg>
              </div>
            </div>
            <div
              class="absolute bottom-0 left-0 w-full p-6 z-20"
            >
              <div
                class="flex items-center gap-3 mb-2"
              >
                <span
                  class="px-2 py-1 rounded bg-neutral-500/20 border border-neutral-500/50 text-neutral-400 text-[var(--sarak-type-scale2xs,10px)] font-bold uppercase tracking-wider backdrop-blur-md"
                >
                  Solid Void
                </span>
              </div>
              <h3
                class="text-xl font-black text-white uppercase tracking-wider drop-shadow-lg"
              >
                Nenhuma (Sem Mídia)
              </h3>
              <p
                class="text-sm text-white/70 mt-1 max-w-lg drop-shadow-md"
              >
                Remove vídeos e imagens de fundo.
              </p>
            </div>
          </div>
        </button>
        <button
          animate="[object Object]"
          class="group relative flex flex-col text-left rounded-2xl border border-theme-border overflow-hidden bg-theme-card hover:border-theme-primary hover:shadow-[0_10px_40px_-10px_rgba(var(--theme-primary-rgb),0.2)] transition-all duration-300"
          initial="[object Object]"
          transition="[object Object]"
        >
          <div
            class="h-64 w-full relative overflow-hidden flex items-center justify-center sarak-card"
            style="--sarak-card-texture-opacity: 0.8;"
          >
            <div
              class="absolute inset-0 z-0"
            >
              <div
                style="position: absolute; top: 0px; left: 0px; width: 100%; height: 100%; z-index: 0; pointer-events: none; overflow: hidden; background-color: var(--sarak-bg-body);"
              >
                <video
                  autoplay=""
                  loop=""
                  playsinline=""
                  src="https://test-videos.co.uk/vids/bigbuckbunny/mp4/h264/1080/Big_Buck_Bunny_1080_10s_1MB.mp4"
                  style="width: 100%; height: 100%; opacity: 1; filter: blur(0px); mix-blend-mode: normal; object-fit: cover;"
                />
                <div
                  style="position: absolute; inset: 0px; background: radial-gradient(at 70% 30%, transparent 10%, transparent 140%); z-index: 1; pointer-events: none; opacity: 0; transition: opacity 1s ease-in-out;"
                />
              </div>
            </div>
            <div
              class="relative z-20 flex flex-col items-center gap-4 group-hover:scale-110 transition-transform duration-700"
            >
              <div
                class="p-4 bg-white/5 backdrop-blur-xl border border-white/10 rounded-2xl text-white shadow-2xl"
              >
                <svg
                  class="lucide lucide-play"
                  fill="none"
                  height="32"
                  stroke="currentColor"
                  stroke-linecap="round"
                  stroke-linejoin="round"
                  stroke-width="2"
                  viewBox="0 0 24 24"
                  width="32"
                  xmlns="http://www.w3.org/2000/svg"
                >
                  <polygon
                    points="5 3 19 12 5 21 5 3"
                  />
                </svg>
              </div>
            </div>
            <div
              class="absolute bottom-0 left-0 w-full p-6 z-20"
            >
              <div
                class="flex items-center gap-3 mb-2"
              >
                <span
                  class="px-2 py-1 rounded bg-blue-500/20 border border-blue-500/50 text-blue-400 text-[var(--sarak-type-scale2xs,10px)] font-bold uppercase tracking-wider backdrop-blur-md"
                >
                  Live Media
                </span>
              </div>
              <h3
                class="text-xl font-black text-white uppercase tracking-wider drop-shadow-lg"
              >
                Video Background
              </h3>
              <p
                class="text-sm text-white/70 mt-1 max-w-lg drop-shadow-md"
              >
                Fluid 3D animation loop.
              </p>
            </div>
          </div>
        </button>
        <button
          animate="[object Object]"
          class="group relative flex flex-col text-left rounded-2xl border border-theme-border overflow-hidden bg-theme-card hover:border-theme-primary hover:shadow-[0_10px_40px_-10px_rgba(var(--theme-primary-rgb),0.2)] transition-all duration-300"
          initial="[object Object]"
          transition="[object Object]"
        >
          <div
            class="h-64 w-full relative overflow-hidden flex items-center justify-center sarak-card"
            style="--sarak-card-texture-opacity: 0.8;"
          >
            <div
              class="absolute inset-0 z-0"
            >
              <div
                style="position: absolute; top: 0px; left: 0px; width: 100%; height: 100%; z-index: 0; pointer-events: none; overflow: hidden; background-color: var(--sarak-bg-body);"
              >
                <div
                  style="width: 100%; height: 100%; opacity: 1; filter: blur(0px); mix-blend-mode: normal; object-fit: cover; background-image: url("https://images.unsplash.com/photo-1462331940025-496dfbfc7564?q=80&w=1920&auto=format&fit=crop"); background-size: cover; background-position: center center; background-repeat: no-repeat;"
                />
                <div
                  style="position: absolute; inset: 0px; background: radial-gradient(at 70% 30%, transparent 10%, transparent 140%); z-index: 1; pointer-events: none; opacity: 0; transition: opacity 1s ease-in-out;"
                />
              </div>
            </div>
            <div
              class="relative z-20 flex flex-col items-center gap-4 group-hover:scale-110 transition-transform duration-700"
            >
              <div
                class="p-4 bg-white/5 backdrop-blur-xl border border-white/10 rounded-2xl text-white shadow-2xl"
              >
                <svg
                  class="lucide lucide-image"
                  fill="none"
                  height="32"
                  stroke="currentColor"
                  stroke-linecap="round"
                  stroke-linejoin="round"
                  stroke-width="2"
                  viewBox="0 0 24 24"
                  width="32"
                  xmlns="http://www.w3.org/2000/svg"
                >
                  <rect
                    height="18"
                    rx="2"
                    ry="2"
                    width="18"
                    x="3"
                    y="3"
                  />
                  <circle
                    cx="9"
                    cy="9"
                    r="2"
                  />
                  <path
                    d="m21 15-3.086-3.086a2 2 0 0 0-2.828 0L6 21"
                  />
                </svg>
              </div>
            </div>
            <div
              class="absolute bottom-0 left-0 w-full p-6 z-20"
            >
              <div
                class="flex items-center gap-3 mb-2"
              >
                <span
                  class="px-2 py-1 rounded bg-purple-500/20 border border-purple-500/50 text-purple-400 text-[var(--sarak-type-scale2xs,10px)] font-bold uppercase tracking-wider backdrop-blur-md"
                >
                  Static Image
                </span>
              </div>
              <h3
                class="text-xl font-black text-white uppercase tracking-wider drop-shadow-lg"
              >
                Image Space
              </h3>
              <p
                class="text-sm text-white/70 mt-1 max-w-lg drop-shadow-md"
              >
                Deep space photo with organic mesh texture.
              </p>
            </div>
          </div>
        </button>
        <button
          animate="[object Object]"
          class="group relative flex flex-col text-left rounded-2xl border border-theme-border overflow-hidden bg-theme-card hover:border-theme-primary hover:shadow-[0_10px_40px_-10px_rgba(var(--theme-primary-rgb),0.2)] transition-all duration-300"
          initial="[object Object]"
          transition="[object Object]"
        >
          <div
            class="h-64 w-full relative overflow-hidden flex items-center justify-center sarak-card"
            style="--sarak-card-texture-opacity: 0.8;"
          >
            <div
              class="absolute inset-0 z-0"
            >
              <div
                style="position: absolute; top: 0px; left: 0px; width: 100%; height: 100%; z-index: 0; pointer-events: none; overflow: hidden; background-color: var(--sarak-bg-body);"
              >
                <div
                  style="width: 100%; height: 100%; opacity: 1; filter: blur(0px); mix-blend-mode: normal; object-fit: cover; background-image: url("https://images.unsplash.com/photo-1550745165-9bc0b252726f?q=80&w=1920&auto=format&fit=crop"); background-size: cover; background-position: center center; background-repeat: no-repeat;"
                />
                <div
                  style="position: absolute; inset: 0px; background: radial-gradient(at 70% 30%, transparent 10%, transparent 140%); z-index: 1; pointer-events: none; opacity: 0; transition: opacity 1s ease-in-out;"
                />
              </div>
            </div>
            <div
              class="relative z-20 flex flex-col items-center gap-4 group-hover:scale-110 transition-transform duration-700"
            >
              <div
                class="p-4 bg-white/5 backdrop-blur-xl border border-white/10 rounded-2xl text-white shadow-2xl"
              >
                <svg
                  class="lucide lucide-image"
                  fill="none"
                  height="32"
                  stroke="currentColor"
                  stroke-linecap="round"
                  stroke-linejoin="round"
                  stroke-width="2"
                  viewBox="0 0 24 24"
                  width="32"
                  xmlns="http://www.w3.org/2000/svg"
                >
                  <rect
                    height="18"
                    rx="2"
                    ry="2"
                    width="18"
                    x="3"
                    y="3"
                  />
                  <circle
                    cx="9"
                    cy="9"
                    r="2"
                  />
                  <path
                    d="m21 15-3.086-3.086a2 2 0 0 0-2.828 0L6 21"
                  />
                </svg>
              </div>
            </div>
            <div
              class="absolute bottom-0 left-0 w-full p-6 z-20"
            >
              <div
                class="flex items-center gap-3 mb-2"
              >
                <span
                  class="px-2 py-1 rounded bg-purple-500/20 border border-purple-500/50 text-purple-400 text-[var(--sarak-type-scale2xs,10px)] font-bold uppercase tracking-wider backdrop-blur-md"
                >
                  Static Image
                </span>
              </div>
              <h3
                class="text-xl font-black text-white uppercase tracking-wider drop-shadow-lg"
              >
                Image Cyber Grid
              </h3>
              <p
                class="text-sm text-white/70 mt-1 max-w-lg drop-shadow-md"
              >
                Neon grid over a dark void.
              </p>
            </div>
          </div>
        </button>
        <button
          animate="[object Object]"
          class="group relative flex flex-col text-left rounded-2xl border border-theme-border overflow-hidden bg-theme-card hover:border-theme-primary hover:shadow-[0_10px_40px_-10px_rgba(var(--theme-primary-rgb),0.2)] transition-all duration-300"
          initial="[object Object]"
          transition="[object Object]"
        >
          <div
            class="h-64 w-full relative overflow-hidden flex items-center justify-center sarak-card"
            style="--sarak-card-texture-opacity: 0.8;"
          >
            <div
              class="absolute inset-0 z-0"
            >
              <div
                style="position: absolute; top: 0px; left: 0px; width: 100%; height: 100%; z-index: 0; pointer-events: none; overflow: hidden; background-color: var(--sarak-bg-body);"
              >
                <div
                  style="width: 100%; height: 100%; opacity: 1; filter: blur(0px); mix-blend-mode: normal; object-fit: cover; background-image: url("https://images.unsplash.com/photo-1503756234508-e32369269deb?q=80&w=1920&auto=format&fit=crop"); background-size: cover; background-position: center center; background-repeat: no-repeat;"
                />
                <div
                  style="position: absolute; inset: 0px; background: radial-gradient(at 70% 30%, transparent 10%, transparent 140%); z-index: 1; pointer-events: none; opacity: 0; transition: opacity 1s ease-in-out;"
                />
              </div>
            </div>
            <div
              class="relative z-20 flex flex-col items-center gap-4 group-hover:scale-110 transition-transform duration-700"
            >
              <div
                class="p-4 bg-white/5 backdrop-blur-xl border border-white/10 rounded-2xl text-white shadow-2xl"
              >
                <svg
                  class="lucide lucide-image"
                  fill="none"
                  height="32"
                  stroke="currentColor"
                  stroke-linecap="round"
                  stroke-linejoin="round"
                  stroke-width="2"
                  viewBox="0 0 24 24"
                  width="32"
                  xmlns="http://www.w3.org/2000/svg"
                >
                  <rect
                    height="18"
                    rx="2"
                    ry="2"
                    width="18"
                    x="3"
                    y="3"
                  />
                  <circle
                    cx="9"
                    cy="9"
                    r="2"
                  />
                  <path
                    d="m21 15-3.086-3.086a2 2 0 0 0-2.828 0L6 21"
                  />
                </svg>
              </div>
            </div>
            <div
              class="absolute bottom-0 left-0 w-full p-6 z-20"
            >
              <div
                class="flex items-center gap-3 mb-2"
              >
                <span
                  class="px-2 py-1 rounded bg-purple-500/20 border border-purple-500/50 text-purple-400 text-[var(--sarak-type-scale2xs,10px)] font-bold uppercase tracking-wider backdrop-blur-md"
                >
                  Static Image
                </span>
              </div>
              <h3
                class="text-xl font-black text-white uppercase tracking-wider drop-shadow-lg"
              >
                Dark Cinematic
              </h3>
              <p
                class="text-sm text-white/70 mt-1 max-w-lg drop-shadow-md"
              >
                Mídia noturna/escura para testes de contraste.
              </p>
            </div>
          </div>
        </button>
      </div>
    </div>
  </div>
</div>
`;
