// Vitest Snapshot v1, https://vitest.dev/guide/snapshot.html

exports[`AtmosphereCatalog > renderiza as abas de mídia/textura do catálogo 1`] = `
<div>
  <div
    class="flex flex-col gap-6"
  >
    <div
      class="flex items-center justify-between gap-4"
    >
      <div
        class="flex items-center gap-2 p-1 bg-black/20 rounded-xl border border-theme-border"
      >
        <button
          class="px-4 py-2 rounded-lg text-[var(--sarak-type-scale2xs,10px)] font-black uppercase tracking-widest transition-all flex items-center gap-2 bg-theme-primary text-white shadow-lg"
        >
          <svg
            class="lucide lucide-video"
            fill="none"
            height="12"
            stroke="currentColor"
            stroke-linecap="round"
            stroke-linejoin="round"
            stroke-width="2"
            viewBox="0 0 24 24"
            width="12"
            xmlns="http://www.w3.org/2000/svg"
          >
            <path
              d="m22 8-6 4 6 4V8Z"
            />
            <rect
              height="12"
              rx="2"
              ry="2"
              width="14"
              x="2"
              y="6"
            />
          </svg>
          Mídia Base
        </button>
        <button
          class="px-4 py-2 rounded-lg text-[var(--sarak-type-scale2xs,10px)] font-black uppercase tracking-widest transition-all flex items-center gap-2 text-theme-muted hover:text-white hover:bg-white/5"
        >
          <svg
            class="lucide lucide-grid3x3"
            fill="none"
            height="12"
            stroke="currentColor"
            stroke-linecap="round"
            stroke-linejoin="round"
            stroke-width="2"
            viewBox="0 0 24 24"
            width="12"
            xmlns="http://www.w3.org/2000/svg"
          >
            <rect
              height="18"
              rx="2"
              width="18"
              x="3"
              y="3"
            />
            <path
              d="M3 9h18"
            />
            <path
              d="M3 15h18"
            />
            <path
              d="M9 3v18"
            />
            <path
              d="M15 3v18"
            />
          </svg>
          Texturas
        </button>
      </div>
      <div
        class="flex items-center gap-3 px-4 py-2 bg-black/20 rounded-xl border border-theme-border"
      >
        <span
          class="text-[var(--sarak-type-scale2xs,10px)] font-black text-theme-text uppercase tracking-widest"
        >
          Opacidade
        </span>
        <input
          class="w-32 accent-[var(--theme-primary)] cursor-pointer"
          max="1"
          min="0"
          step="0.01"
          type="range"
          value="1"
        />
      </div>
    </div>
    <div
      class="grid grid-cols-1 gap-6"
    >
      <button
        animate="[object Object]"
        class="group relative flex flex-col text-left rounded-2xl border border-theme-border overflow-hidden bg-theme-card hover:border-theme-primary hover:shadow-[0_10px_40px_-10px_rgba(var(--theme-primary-rgb),0.2)] transition-all duration-300"
        initial="[object Object]"
        transition="[object Object]"
      >
        <div
          class="h-64 w-full relative overflow-hidden flex items-center justify-center sarak-card"
          style="--sarak-card-texture-opacity: 0.8;"
        >
          <div
            class="absolute inset-0 z-0"
          />
          <div
            class="relative z-20 flex flex-col items-center gap-4 group-hover:scale-110 transition-transform duration-700"
          >
            <div
              class="p-4 bg-white/5 backdrop-blur-xl border border-white/10 rounded-2xl text-white shadow-2xl"
            >
              <svg
                class="lucide lucide-layers"
                fill="none"
                height="32"
                stroke="currentColor"
                stroke-linecap="round"
                stroke-linejoin="round"
                stroke-width="2"
                viewBox="0 0 24 24"
                width="32"
                xmlns="http://www.w3.org/2000/svg"
              >
                <path
                  d="m12.83 2.18a2 2 0 0 0-1.66 0L2.6 6.08a1 1 0 0 0 0 1.83l8.58 3.91a2 2 0 0 0 1.66 0l8.58-3.9a1 1 0 0 0 0-1.83Z"
                />
                <path
                  d="m22 17.65-9.17 4.16a2 2 0 0 1-1.66 0L2 17.65"
                />
                <path
                  d="m22 12.65-9.17 4.16a2 2 0 0 1-1.66 0L2 12.65"
                />
              </svg>
            </div>
          </div>
          <div
            class="absolute bottom-0 left-0 w-full p-6 z-20"
          >
            <div
              class="flex items-center gap-3 mb-2"
            >
              <span
                class="px-2 py-1 rounded bg-neutral-500/20 border border-neutral-500/50 text-neutral-400 text-[var(--sarak-type-scale2xs,10px)] font-bold uppercase tracking-wider backdrop-blur-md"
              >
                Solid Void
              </span>
            </div>
            <h3
              class="text-xl font-black text-white uppercase tracking-wider drop-shadow-lg"
            >
              Nenhuma (Sem Mídia)
            </h3>
            <p
              class="text-sm text-white/70 mt-1 max-w-lg drop-shadow-md"
            >
              Remove vídeos e imagens de fundo.
            </p>
          </div>
        </div>
      </button>
      <button
        animate="[object Object]"
        class="group relative flex flex-col text-left rounded-2xl border border-theme-border overflow-hidden bg-theme-card hover:border-theme-primary hover:shadow-[0_10px_40px_-10px_rgba(var(--theme-primary-rgb),0.2)] transition-all duration-300"
        initial="[object Object]"
        transition="[object Object]"
      >
        <div
          class="h-64 w-full relative overflow-hidden flex items-center justify-center sarak-card"
          data-sx-card-texture-type="aurora"
          style="--sarak-card-texture-opacity: 0.8;"
        >
          <div
            class="absolute inset-0 z-0"
          />
          <div
            class="relative z-20 flex flex-col items-center gap-4 group-hover:scale-110 transition-transform duration-700"
          >
            <div
              class="p-4 bg-white/5 backdrop-blur-xl border border-white/10 rounded-2xl text-white shadow-2xl"
            >
              <svg
                class="lucide lucide-grid3x3"
                fill="none"
                height="32"
                stroke="currentColor"
                stroke-linecap="round"
                stroke-linejoin="round"
                stroke-width="2"
                viewBox="0 0 24 24"
                width="32"
                xmlns="http://www.w3.org/2000/svg"
              >
                <rect
                  height="18"
                  rx="2"
                  width="18"
                  x="3"
                  y="3"
                />
                <path
                  d="M3 9h18"
                />
                <path
                  d="M3 15h18"
                />
                <path
                  d="M9 3v18"
                />
                <path
                  d="M15 3v18"
                />
              </svg>
            </div>
          </div>
          <div
            class="absolute bottom-0 left-0 w-full p-6 z-20"
          >
            <div
              class="flex items-center gap-3 mb-2"
            >
              <span
                class="px-2 py-1 rounded bg-emerald-500/20 border border-emerald-500/50 text-emerald-400 text-[var(--sarak-type-scale2xs,10px)] font-bold uppercase tracking-wider backdrop-blur-md"
              >
                CSS Atmosphere
              </span>
            </div>
            <h3
              class="text-xl font-black text-white uppercase tracking-wider drop-shadow-lg"
            >
              Aurora Cinética
            </h3>
            <p
              class="text-sm text-white/70 mt-1 max-w-lg drop-shadow-md"
            >
              Faixas de cor em fluxo contínuo, geradas 100% em CSS — sem vídeo externo.
            </p>
          </div>
        </div>
      </button>
      <button
        animate="[object Object]"
        class="group relative flex flex-col text-left rounded-2xl border border-theme-border overflow-hidden bg-theme-card hover:border-theme-primary hover:shadow-[0_10px_40px_-10px_rgba(var(--theme-primary-rgb),0.2)] transition-all duration-300"
        initial="[object Object]"
        transition="[object Object]"
      >
        <div
          class="h-64 w-full relative overflow-hidden flex items-center justify-center sarak-card"
          data-sx-card-texture-type="nebula"
          style="--sarak-card-texture-opacity: 0.8;"
        >
          <div
            class="absolute inset-0 z-0"
          />
          <div
            class="relative z-20 flex flex-col items-center gap-4 group-hover:scale-110 transition-transform duration-700"
          >
            <div
              class="p-4 bg-white/5 backdrop-blur-xl border border-white/10 rounded-2xl text-white shadow-2xl"
            >
              <svg
                class="lucide lucide-grid3x3"
                fill="none"
                height="32"
                stroke="currentColor"
                stroke-linecap="round"
                stroke-linejoin="round"
                stroke-width="2"
                viewBox="0 0 24 24"
                width="32"
                xmlns="http://www.w3.org/2000/svg"
              >
                <rect
                  height="18"
                  rx="2"
                  width="18"
                  x="3"
                  y="3"
                />
                <path
                  d="M3 9h18"
                />
                <path
                  d="M3 15h18"
                />
                <path
                  d="M9 3v18"
                />
                <path
                  d="M15 3v18"
                />
              </svg>
            </div>
          </div>
          <div
            class="absolute bottom-0 left-0 w-full p-6 z-20"
          >
            <div
              class="flex items-center gap-3 mb-2"
            >
              <span
                class="px-2 py-1 rounded bg-emerald-500/20 border border-emerald-500/50 text-emerald-400 text-[var(--sarak-type-scale2xs,10px)] font-bold uppercase tracking-wider backdrop-blur-md"
              >
                CSS Atmosphere
              </span>
            </div>
            <h3
              class="text-xl font-black text-white uppercase tracking-wider drop-shadow-lg"
            >
              Nebulosa Estelar
            </h3>
            <p
              class="text-sm text-white/70 mt-1 max-w-lg drop-shadow-md"
            >
              Nebulosa e campo de estrelas renderizados em CSS puro — sem foto de terceiro.
            </p>
          </div>
        </div>
      </button>
      <button
        animate="[object Object]"
        class="group relative flex flex-col text-left rounded-2xl border border-theme-border overflow-hidden bg-theme-card hover:border-theme-primary hover:shadow-[0_10px_40px_-10px_rgba(var(--theme-primary-rgb),0.2)] transition-all duration-300"
        initial="[object Object]"
        transition="[object Object]"
      >
        <div
          class="h-64 w-full relative overflow-hidden flex items-center justify-center sarak-card"
          data-sx-card-texture-type="blueprint-pro"
          style="--sarak-card-texture-opacity: 0.8;"
        >
          <div
            class="absolute inset-0 z-0"
          />
          <div
            class="relative z-20 flex flex-col items-center gap-4 group-hover:scale-110 transition-transform duration-700"
          >
            <div
              class="p-4 bg-white/5 backdrop-blur-xl border border-white/10 rounded-2xl text-white shadow-2xl"
            >
              <svg
                class="lucide lucide-grid3x3"
                fill="none"
                height="32"
                stroke="currentColor"
                stroke-linecap="round"
                stroke-linejoin="round"
                stroke-width="2"
                viewBox="0 0 24 24"
                width="32"
                xmlns="http://www.w3.org/2000/svg"
              >
                <rect
                  height="18"
                  rx="2"
                  width="18"
                  x="3"
                  y="3"
                />
                <path
                  d="M3 9h18"
                />
                <path
                  d="M3 15h18"
                />
                <path
                  d="M9 3v18"
                />
                <path
                  d="M15 3v18"
                />
              </svg>
            </div>
          </div>
          <div
            class="absolute bottom-0 left-0 w-full p-6 z-20"
          >
            <div
              class="flex items-center gap-3 mb-2"
            >
              <span
                class="px-2 py-1 rounded bg-emerald-500/20 border border-emerald-500/50 text-emerald-400 text-[var(--sarak-type-scale2xs,10px)] font-bold uppercase tracking-wider backdrop-blur-md"
              >
                CSS Atmosphere
              </span>
            </div>
            <h3
              class="text-xl font-black text-white uppercase tracking-wider drop-shadow-lg"
            >
              Grade Cibernética
            </h3>
            <p
              class="text-sm text-white/70 mt-1 max-w-lg drop-shadow-md"
            >
              Grade técnica com brilho, do mesmo motor de textura das superfícies — sem imagem externa.
            </p>
          </div>
        </div>
      </button>
      <button
        animate="[object Object]"
        class="group relative flex flex-col text-left rounded-2xl border border-theme-border overflow-hidden bg-theme-card hover:border-theme-primary hover:shadow-[0_10px_40px_-10px_rgba(var(--theme-primary-rgb),0.2)] transition-all duration-300"
        initial="[object Object]"
        transition="[object Object]"
      >
        <div
          class="h-64 w-full relative overflow-hidden flex items-center justify-center sarak-card"
          data-sx-card-texture-type="grain"
          style="--sarak-card-texture-opacity: 0.8;"
        >
          <div
            class="absolute inset-0 z-0"
          />
          <div
            class="relative z-20 flex flex-col items-center gap-4 group-hover:scale-110 transition-transform duration-700"
          >
            <div
              class="p-4 bg-white/5 backdrop-blur-xl border border-white/10 rounded-2xl text-white shadow-2xl"
            >
              <svg
                class="lucide lucide-grid3x3"
                fill="none"
                height="32"
                stroke="currentColor"
                stroke-linecap="round"
                stroke-linejoin="round"
                stroke-width="2"
                viewBox="0 0 24 24"
                width="32"
                xmlns="http://www.w3.org/2000/svg"
              >
                <rect
                  height="18"
                  rx="2"
                  width="18"
                  x="3"
                  y="3"
                />
                <path
                  d="M3 9h18"
                />
                <path
                  d="M3 15h18"
                />
                <path
                  d="M9 3v18"
                />
                <path
                  d="M15 3v18"
                />
              </svg>
            </div>
          </div>
          <div
            class="absolute bottom-0 left-0 w-full p-6 z-20"
          >
            <div
              class="flex items-center gap-3 mb-2"
            >
              <span
                class="px-2 py-1 rounded bg-emerald-500/20 border border-emerald-500/50 text-emerald-400 text-[var(--sarak-type-scale2xs,10px)] font-bold uppercase tracking-wider backdrop-blur-md"
              >
                CSS Atmosphere
              </span>
            </div>
            <h3
              class="text-xl font-black text-white uppercase tracking-wider drop-shadow-lg"
            >
              Cinemático Escuro
            </h3>
            <p
              class="text-sm text-white/70 mt-1 max-w-lg drop-shadow-md"
            >
              Grão de filme e vinheta acentuada, para telas de teste de contraste — sem mídia de terceiro.
            </p>
          </div>
        </div>
      </button>
    </div>
  </div>
</div>
`;
