// Vitest Snapshot v1, https://vitest.dev/guide/snapshot.html

exports[`Corpus congelado — payload de consumidor → CSS Variable (R6, achado 34) > fixture "'botao-e-card'": as CSS Variables dos tokens do payload continuam sendo emitidas 1`] = `
{
  "--card-bg": "#080c14b3",
  "--sarak-btn-primary-bg": "#00c2ffff",
  "--sarak-btn-primary-text": "#fdfeffff",
  "--sarak-card-background-color": "#080c14b3",
  "--sarak-card-bg": "#080c14b3",
  "--theme-card": "#080c14b3",
  "--theme-card-bg": "#080c14b3",
  "--theme-surface": "#080c14b3",
}
`;

exports[`Corpus congelado — payload de consumidor → CSS Variable (R6, achado 34) > fixture "'cores-minimas'": as CSS Variables dos tokens do payload continuam sendo emitidas 1`] = `
{
  "--bg-body": "#0d0d0dff",
  "--primary-color": "#ff6600ff",
  "--sarak-bg-base": "#08080aff",
  "--sarak-bg-body": "#0d0d0dff",
  "--sarak-color-bg-body": "#0d0d0dff",
  "--sarak-color-primary": "#ff6600ff",
  "--sarak-primary-color": "#ff6600ff",
  "--sarak-text-color-master": "#e7e7e7ff",
  "--sarak-text-main": "#e7e7e7ff",
  "--theme-bg": "#0d0d0dff",
  "--theme-body": "#0d0d0dff",
  "--theme-primary": "#ff6600ff",
  "--theme-text-primary": "#e7e7e7ff",
  "--theme-title": "#e7e7e7ff",
}
`;

exports[`Corpus congelado — payload de consumidor → CSS Variable (R6, achado 34) > fixture "'token-responsivo-mais-marca'": as CSS Variables dos tokens do payload continuam sendo emitidas 1`] = `
{
  "--sarak-sidebar-width": "emitida-no-responsiveCSS",
  "--sidebar-width": "emitida-no-responsiveCSS",
}
`;
