// Vitest Snapshot v1, https://vitest.dev/guide/snapshot.html

exports[`Corpus congelado — payload de consumidor → CSS Variable (R6, achado 34) > fixture "'botao-e-card'": as CSS Variables dos tokens do payload continuam sendo emitidas 1`] = `
{
  "--card-bg": "rgba(10,15,25,0.7)",
  "--sarak-btn-primary-bg": "#00c2ff",
  "--sarak-btn-primary-text": "#001018",
  "--sarak-card-background-color": "rgba(10,15,25,0.7)",
  "--sarak-card-bg": "rgba(10,15,25,0.7)",
  "--theme-card": "rgba(10,15,25,0.7)",
  "--theme-card-bg": "rgba(10,15,25,0.7)",
  "--theme-surface": "rgba(10,15,25,0.7)",
}
`;

exports[`Corpus congelado — payload de consumidor → CSS Variable (R6, achado 34) > fixture "'cores-minimas'": as CSS Variables dos tokens do payload continuam sendo emitidas 1`] = `
{
  "--bg-body": "#101010",
  "--primary-color": "#ff6600",
  "--sarak-bg-base": "#0a0a0c",
  "--sarak-bg-body": "#101010",
  "--sarak-color-bg-body": "#101010",
  "--sarak-color-primary": "#ff6600",
  "--sarak-primary-color": "#ff6600",
  "--sarak-text-color-master": "#eeeeee",
  "--sarak-text-main": "#eeeeee",
  "--theme-bg": "#101010",
  "--theme-body": "#101010",
  "--theme-primary": "#ff6600",
  "--theme-text-primary": "#eeeeee",
  "--theme-title": "#eeeeee",
}
`;

exports[`Corpus congelado — payload de consumidor → CSS Variable (R6, achado 34) > fixture "'token-responsivo-mais-marca'": as CSS Variables dos tokens do payload continuam sendo emitidas 1`] = `
{
  "--sarak-sidebar-width": "emitida-no-responsiveCSS",
  "--sidebar-width": "emitida-no-responsiveCSS",
}
`;
