// Vitest Snapshot v1, https://vitest.dev/guide/snapshot.html

exports[`ThemePillarsList > matches snapshot 1`] = `
<div>
  <div
    class="border-b border-[var(--theme-border)] last:border-0"
  >
    <div
      class="w-full flex border-y border-[var(--theme-border)] transition-all bg-[var(--theme-layer)]"
    >
      <div
        class="flex-1 px-6 py-4 flex items-center justify-between group cursor-pointer outline-none focus:bg-[var(--theme-layer)]"
        role="button"
        tabindex="0"
      >
        <div
          class="flex items-center gap-3"
        >
          <div
            class="w-6 h-6 rounded-lg flex items-center justify-center font-black text-2xs transition-all relative bg-[var(--theme-primary)] text-white shadow-[0_0_15px_rgba(var(--theme-primary-rgb),0.3)]"
          >
            1
          </div>
          <div
            class="flex items-center gap-2"
          >
            <div />
            <span
              class="text-2xs font-black uppercase tracking-[0.2em] transition-all text-[var(--theme-text)]"
            >
              Cores (1)
            </span>
          </div>
        </div>
        <div
          class="flex items-center gap-3"
        >
          <svg
            class="transition-transform duration-300 rotate-180 text-[var(--theme-primary)]"
            fill="none"
            height="14"
            stroke="currentColor"
            stroke-linecap="round"
            stroke-linejoin="round"
            stroke-width="2"
            viewBox="0 0 24 24"
            width="14"
            xmlns="http://www.w3.org/2000/svg"
          >
            <path
              d="m6 9 6 6 6-6"
            />
          </svg>
        </div>
      </div>
    </div>
    <div
      class="overflow-hidden bg-[var(--theme-layer)]"
      style="height: 0px; opacity: 0;"
    >
      <div
        class="px-2 py-2 flex flex-col gap-1"
      >
        <div
          class="border-b border-[var(--theme-border)] last:border-0"
        >
          <button
            class="w-full py-4 flex items-center justify-between hover:bg-[var(--theme-surface)] transition-all px-6 group"
          >
            <div
              class="flex items-center gap-3"
            >
              <div
                class="p-1.5 rounded-lg transition-all bg-[var(--theme-layer)] text-[var(--theme-muted)] group-hover:text-[var(--theme-text)]"
              >
                <svg
                  class="lucide lucide-command"
                  fill="none"
                  height="14"
                  stroke="currentColor"
                  stroke-linecap="round"
                  stroke-linejoin="round"
                  stroke-width="2"
                  viewBox="0 0 24 24"
                  width="14"
                  xmlns="http://www.w3.org/2000/svg"
                >
                  <path
                    d="M15 6v12a3 3 0 1 0 3-3H6a3 3 0 1 0 3 3V6a3 3 0 1 0-3 3h12a3 3 0 1 0-3-3"
                  />
                </svg>
              </div>
              <span
                class="text-2xs font-black uppercase tracking-[0.2em] transition-all text-[var(--theme-muted)] group-hover:text-[var(--theme-text)]"
              >
                Geral (1)
              </span>
            </div>
            <svg
              class="transition-transform duration-300 text-[var(--theme-muted)]"
              fill="none"
              height="14"
              stroke="currentColor"
              stroke-linecap="round"
              stroke-linejoin="round"
              stroke-width="2"
              viewBox="0 0 24 24"
              width="14"
              xmlns="http://www.w3.org/2000/svg"
            >
              <path
                d="m6 9 6 6 6-6"
              />
            </svg>
          </button>
        </div>
      </div>
    </div>
  </div>
</div>
`;
