// Vitest Snapshot v1, https://vitest.dev/guide/snapshot.html

exports[`SarakChart > matches snapshot to ensure no layout regressions during type fixes 1`] = `
<DocumentFragment>
  <div
    class="bg-[var(--color-theme-card,#1e293b)] border-[var(--border-color,#334155)] relative overflow-hidden group rounded-[var(--sarak-card-radius,12px)] mocked-container"
  >
    <div
      class="absolute top-0 right-0 w-64 h-64 bg-[var(--sarak-primary-color-bg,rgba(59,130,246,0.1))] blur-[var(--sarak-empty-state-orb-blur,100px)] pointer-events-none"
    />
    <div
      class="flex items-center justify-between relative z-10"
    >
      <div
        class="flex items-center"
        style="gap: calc(var(--sarak-layout-gap-md,16px) / 2);"
      >
        <div
          class="bg-[var(--sarak-primary-color-bg,rgba(59,130,246,0.1))] rounded-2xl border border-[var(--border-color,#334155)]"
          style="padding: calc(var(--sarak-layout-gap-md,16px) / 3);"
        >
          <svg
            class="text-[var(--sarak-primary-color,#3b82f6)]"
            fill="none"
            height="16"
            stroke="currentColor"
            stroke-linecap="round"
            stroke-linejoin="round"
            stroke-width="2"
            viewBox="0 0 24 24"
            width="16"
            xmlns="http://www.w3.org/2000/svg"
          >
            <polyline
              points="22 7 13.5 15.5 8.5 10.5 2 17"
            />
            <polyline
              points="16 7 22 7 22 13"
            />
          </svg>
        </div>
        <div>
          <h3
            class="text-xl font-black text-[var(--color-theme-title,#ffffff)] tracking-tight"
            style="font-weight: var(--sarak-h1-weight,700);"
          >
            Test Chart
          </h3>
          <p
            class="text-2xs font-bold text-[var(--text-muted,#94a3b8)] uppercase tracking-widest"
          >
            Análise de Tendência em Tempo Real
          </p>
        </div>
      </div>
      <div
        class="flex items-center bg-[var(--text-muted,#94a3b8)]/5 rounded-[var(--sarak-card-radius,12px)] border border-[var(--border-color,#334155)]"
        style="gap: calc(var(--sarak-layout-gap-md,16px) / 3); padding: calc(var(--sarak-layout-gap-md,16px) / 3) calc(var(--sarak-layout-gap-md,16px) / 1.5);"
      >
        <svg
          class="text-[var(--sarak-status-success-color,#22c55e)] animate-pulse"
          fill="none"
          height="12"
          stroke="currentColor"
          stroke-linecap="round"
          stroke-linejoin="round"
          stroke-width="2"
          viewBox="0 0 24 24"
          width="12"
          xmlns="http://www.w3.org/2000/svg"
        >
          <path
            d="M22 12h-4l-3 9L9 3l-3 9H2"
          />
        </svg>
        <span
          class="text-2xs font-black text-[var(--text-muted,#94a3b8)] uppercase tracking-tighter"
        >
          Live Monitor
        </span>
      </div>
    </div>
    <div
      class="h-48 flex items-end justify-between relative z-10"
      style="gap: calc(var(--sarak-layout-gap-md,16px) / 4);"
    >
      <div
        class="flex-1 flex w-full items-center group/item h-full justify-end"
        style="flex-direction: column; gap: 0px;"
      >
        <div
          class="w-full bg-gradient-to-t from-[var(--sarak-shadow-glow,rgba(59,130,246,0.5))] to-[var(--sarak-primary-color,#3b82f6)] rounded-t-lg group-hover/item:brightness-125 transition-all relative"
          style="transition-duration: var(--duration-normal, 0.3s); height: 0px;"
        >
          <div
            class="absolute -top-10 left-1/2 -translate-x-1/2 bg-[var(--color-theme-title,#ffffff)] text-[var(--color-theme-card,#1e293b)] text-2xs font-black rounded shadow-2xl opacity-0 group-hover/item:opacity-100 pointer-events-none transition-opacity whitespace-nowrap z-30"
            style="padding: calc(var(--sarak-layout-gap-md,16px) * 0.25) var(--sarak-layout-gap-sm, 8px);"
          >
            100
          </div>
        </div>
        <div
          class="font-bold text-[var(--text-muted,#94a3b8)] uppercase rotate-45 origin-left hidden lg:block"
          style="margin-top: calc(var(--sarak-layout-gap-md,16px) * 0.75); font-size: var(--sarak-type-scale-micro, 7px);"
        >
          01/01
        </div>
      </div>
      <div
        class="flex-1 flex w-full items-center group/item h-full justify-end"
        style="flex-direction: column; gap: 0px;"
      >
        <div
          class="w-full bg-gradient-to-t from-[var(--sarak-shadow-glow,rgba(59,130,246,0.5))] to-[var(--sarak-primary-color,#3b82f6)] rounded-t-lg group-hover/item:brightness-125 transition-all relative"
          style="transition-duration: var(--duration-normal, 0.3s); height: 0px;"
        >
          <div
            class="absolute -top-10 left-1/2 -translate-x-1/2 bg-[var(--color-theme-title,#ffffff)] text-[var(--color-theme-card,#1e293b)] text-2xs font-black rounded shadow-2xl opacity-0 group-hover/item:opacity-100 pointer-events-none transition-opacity whitespace-nowrap z-30"
            style="padding: calc(var(--sarak-layout-gap-md,16px) * 0.25) var(--sarak-layout-gap-sm, 8px);"
          >
            200
          </div>
        </div>
        <div
          class="font-bold text-[var(--text-muted,#94a3b8)] uppercase rotate-45 origin-left hidden lg:block"
          style="margin-top: calc(var(--sarak-layout-gap-md,16px) * 0.75); font-size: var(--sarak-type-scale-micro, 7px);"
        >
          01/02
        </div>
      </div>
    </div>
    <div
      class="border-t border-[var(--border-color,#334155)] flex justify-between items-center opacity-40"
      style="padding-top: calc(var(--sarak-layout-gap-md,16px) / 2);"
    >
      <span
        class="text-3xs font-black text-[var(--color-theme-title,#ffffff)] uppercase tracking-widest"
      >
        Sarak Visual Metrics engine v1.0
      </span>
      <span
        class="text-3xs font-bold text-[var(--text-muted,#94a3b8)] uppercase"
      >
        Performance Agnostic Layer
      </span>
    </div>
  </div>
</DocumentFragment>
`;
